[2024-09-18, 2024-09-22, 1, 0, 80.45, 90.65] => [{"room_type":"standard","stay_price":321.8},{"room_type":"superior","stay_price":362.6}]
[2024-09-18, 2024-09-22, 1, 0, 80.45, 135] => [{"room_type":"standard","stay_price":321.8},{"room_type":"superior","stay_price":540}]
[2024-09-18, 2024-09-22, 1, 0, 80.45, 230.43] => [{"room_type":"standard","stay_price":321.8},{"room_type":"superior","stay_price":921.72}]
[2024-09-18, 2024-09-22, 1, 0, 105, 90.65] => [{"room_type":"standard","stay_price":420},{"room_type":"superior","stay_price":362.6}]
[2024-09-18, 2024-09-22, 1, 0, 105, 135] => [{"room_type":"standard","stay_price":420},{"room_type":"superior","stay_price":540}]
[2024-09-18, 2024-09-22, 1, 0, 105, 230.43] => [{"room_type":"standard","stay_price":420},{"room_type":"superior","stay_price":921.72}]
[2024-09-18, 2024-09-22, 1, 0, 120.47, 90.65] => [{"room_type":"standard","stay_price":481.88},{"room_type":"superior","stay_price":362.6}]
[2024-09-18, 2024-09-22, 1, 0, 120.47, 135] => [{"room_type":"standard","stay_price":481.88},{"room_type":"superior","stay_price":540}]
[2024-09-18, 2024-09-22, 1, 0, 120.47, 230.43] => [{"room_type":"standard","stay_price":481.88},{"room_type":"superior","stay_price":921.72}]
[2024-09-18, 2024-09-22, 1, 1, 80.45, 90.65] => [{"room_type":"standard","stay_price":579.24},{"room_type":"superior","stay_price":634.5500000000001}]
[2024-09-18, 2024-09-22, 1, 1, 80.45, 135] => [{"room_type":"standard","stay_price":579.24},{"room_type":"superior","stay_price":945}]
[2024-09-18, 2024-09-22, 1, 1, 80.45, 230.43] => [{"room_type":"standard","stay_price":579.24},{"room_type":"superior","stay_price":1613.01}]
[2024-09-18, 2024-09-22, 1, 1, 105, 90.65] => [{"room_type":"standard","stay_price":756},{"room_type":"superior","stay_price":634.5500000000001}]
[2024-09-18, 2024-09-22, 1, 1, 105, 135] => [{"room_type":"standard","stay_price":756},{"room_type":"superior","stay_price":945}]
[2024-09-18, 2024-09-22, 1, 1, 105, 230.43] => [{"room_type":"standard","stay_price":756},{"room_type":"superior","stay_price":1613.01}]
[2024-09-18, 2024-09-22, 1, 1, 120.47, 90.65] => [{"room_type":"standard","stay_price":867.384},{"room_type":"superior","stay_price":634.5500000000001}]
[2024-09-18, 2024-09-22, 1, 1, 120.47, 135] => [{"room_type":"standard","stay_price":867.384},{"room_type":"superior","stay_price":945}]
[2024-09-18, 2024-09-22, 1, 1, 120.47, 230.43] => [{"room_type":"standard","stay_price":867.384},{"room_type":"superior","stay_price":1613.01}]
[2024-09-18, 2024-09-22, 1, 2, 80.45, 90.65] => [{"room_type":"standard","stay_price":836.6800000000001},{"room_type":"superior","stay_price":906.5000000000001}]
[2024-09-18, 2024-09-22, 1, 2, 80.45, 135] => [{"room_type":"standard","stay_price":836.6800000000001},{"room_type":"superior","stay_price":1350}]
[2024-09-18, 2024-09-22, 1, 2, 80.45, 230.43] => [{"room_type":"standard","stay_price":836.6800000000001},{"room_type":"superior","stay_price":2304.3}]
[2024-09-18, 2024-09-22, 1, 2, 105, 90.65] => [{"room_type":"standard","stay_price":1092},{"room_type":"superior","stay_price":906.5000000000001}]
[2024-09-18, 2024-09-22, 1, 2, 105, 135] => [{"room_type":"standard","stay_price":1092},{"room_type":"superior","stay_price":1350}]
[2024-09-18, 2024-09-22, 1, 2, 105, 230.43] => [{"room_type":"standard","stay_price":1092},{"room_type":"superior","stay_price":2304.3}]
[2024-09-18, 2024-09-22, 1, 2, 120.47, 90.65] => [{"room_type":"standard","stay_price":1252.888},{"room_type":"superior","stay_price":906.5000000000001}]
[2024-09-18, 2024-09-22, 1, 2, 120.47, 135] => [{"room_type":"standard","stay_price":1252.888},{"room_type":"superior","stay_price":1350}]
[2024-09-18, 2024-09-22, 1, 2, 120.47, 230.43] => [{"room_type":"standard","stay_price":1252.888},{"room_type":"superior","stay_price":2304.3}]
[2024-09-18, 2024-09-22, 2, 0, 80.45, 90.65] => [{"room_type":"standard","stay_price":643.6},{"room_type":"superior","stay_price":725.2}]
[2024-09-18, 2024-09-22, 2, 0, 80.45, 135] => [{"room_type":"standard","stay_price":643.6},{"room_type":"superior","stay_price":1080}]
[2024-09-18, 2024-09-22, 2, 0, 80.45, 230.43] => [{"room_type":"standard","stay_price":643.6},{"room_type":"superior","stay_price":1843.44}]
[2024-09-18, 2024-09-22, 2, 0, 105, 90.65] => [{"room_type":"standard","stay_price":840},{"room_type":"superior","stay_price":725.2}]
[2024-09-18, 2024-09-22, 2, 0, 105, 135] => [{"room_type":"standard","stay_price":840},{"room_type":"superior","stay_price":1080}]
[2024-09-18, 2024-09-22, 2, 0, 105, 230.43] => [{"room_type":"standard","stay_price":840},{"room_type":"superior","stay_price":1843.44}]
[2024-09-18, 2024-09-22, 2, 0, 120.47, 90.65] => [{"room_type":"standard","stay_price":963.76},{"room_type":"superior","stay_price":725.2}]
[2024-09-18, 2024-09-22, 2, 0, 120.47, 135] => [{"room_type":"standard","stay_price":963.76},{"room_type":"superior","stay_price":1080}]
[2024-09-18, 2024-09-22, 2, 0, 120.47, 230.43] => [{"room_type":"standard","stay_price":963.76},{"room_type":"superior","stay_price":1843.44}]
[2024-09-18, 2024-09-22, 2, 1, 80.45, 90.65] => [{"room_type":"standard","stay_price":901.04},{"room_type":"superior","stay_price":997.1500000000001}]
[2024-09-18, 2024-09-22, 2, 1, 80.45, 135] => [{"room_type":"standard","stay_price":901.04},{"room_type":"superior","stay_price":1485}]
[2024-09-18, 2024-09-22, 2, 1, 80.45, 230.43] => [{"room_type":"standard","stay_price":901.04},{"room_type":"superior","stay_price":2534.73}]
[2024-09-18, 2024-09-22, 2, 1, 105, 90.65] => [{"room_type":"standard","stay_price":1176},{"room_type":"superior","stay_price":997.1500000000001}]
[2024-09-18, 2024-09-22, 2, 1, 105, 135] => [{"room_type":"standard","stay_price":1176},{"room_type":"superior","stay_price":1485}]
[2024-09-18, 2024-09-22, 2, 1, 105, 230.43] => [{"room_type":"standard","stay_price":1176},{"room_type":"superior","stay_price":2534.73}]
[2024-09-18, 2024-09-22, 2, 1, 120.47, 90.65] => [{"room_type":"standard","stay_price":1349.2640000000001},{"room_type":"superior","stay_price":997.1500000000001}]
[2024-09-18, 2024-09-22, 2, 1, 120.47, 135] => [{"room_type":"standard","stay_price":1349.2640000000001},{"room_type":"superior","stay_price":1485}]
[2024-09-18, 2024-09-22, 2, 1, 120.47, 230.43] => [{"room_type":"standard","stay_price":1349.2640000000001},{"room_type":"superior","stay_price":2534.73}]
[2024-09-18, 2024-09-22, 2, 2, 80.45, 90.65] => [{"room_type":"standard","stay_price":1158.48},{"room_type":"superior","stay_price":1269.1000000000001}]
[2024-09-18, 2024-09-22, 2, 2, 80.45, 135] => [{"room_type":"standard","stay_price":1158.48},{"room_type":"superior","stay_price":1890}]
[2024-09-18, 2024-09-22, 2, 2, 80.45, 230.43] => [{"room_type":"standard","stay_price":1158.48},{"room_type":"superior","stay_price":3226.02}]
[2024-09-18, 2024-09-22, 2, 2, 105, 90.65] => [{"room_type":"standard","stay_price":1512},{"room_type":"superior","stay_price":1269.1000000000001}]
[2024-09-18, 2024-09-22, 2, 2, 105, 135] => [{"room_type":"standard","stay_price":1512},{"room_type":"superior","stay_price":1890}]
[2024-09-18, 2024-09-22, 2, 2, 105, 230.43] => [{"room_type":"standard","stay_price":1512},{"room_type":"superior","stay_price":3226.02}]
[2024-09-18, 2024-09-22, 2, 2, 120.47, 90.65] => [{"room_type":"standard","stay_price":1734.768},{"room_type":"superior","stay_price":1269.1000000000001}]
[2024-09-18, 2024-09-22, 2, 2, 120.47, 135] => [{"room_type":"standard","stay_price":1734.768},{"room_type":"superior","stay_price":1890}]
[2024-09-18, 2024-09-22, 2, 2, 120.47, 230.43] => [{"room_type":"standard","stay_price":1734.768},{"room_type":"superior","stay_price":3226.02}]
[2024-09-19, 2024-09-22, 1, 0, 80.45, 90.65] => [{"room_type":"standard","stay_price":241.35000000000002},{"room_type":"superior","stay_price":271.95000000000005}]
[2024-09-19, 2024-09-22, 1, 0, 80.45, 135] => [{"room_type":"standard","stay_price":241.35000000000002},{"room_type":"superior","stay_price":405}]
[2024-09-19, 2024-09-22, 1, 0, 80.45, 230.43] => [{"room_type":"standard","stay_price":241.35000000000002},{"room_type":"superior","stay_price":691.29}]
[2024-09-19, 2024-09-22, 1, 0, 105, 90.65] => [{"room_type":"standard","stay_price":315},{"room_type":"superior","stay_price":271.95000000000005}]
[2024-09-19, 2024-09-22, 1, 0, 105, 135] => [{"room_type":"standard","stay_price":315},{"room_type":"superior","stay_price":405}]
[2024-09-19, 2024-09-22, 1, 0, 105, 230.43] => [{"room_type":"standard","stay_price":315},{"room_type":"superior","stay_price":691.29}]
[2024-09-19, 2024-09-22, 1, 0, 120.47, 90.65] => [{"room_type":"standard","stay_price":361.40999999999997},{"room_type":"superior","stay_price":271.95000000000005}]
[2024-09-19, 2024-09-22, 1, 0, 120.47, 135] => [{"room_type":"standard","stay_price":361.40999999999997},{"room_type":"superior","stay_price":405}]
[2024-09-19, 2024-09-22, 1, 0, 120.47, 230.43] => [{"room_type":"standard","stay_price":361.40999999999997},{"room_type":"superior","stay_price":691.29}]
[2024-09-19, 2024-09-22, 1, 1, 80.45, 90.65] => [{"room_type":"standard","stay_price":434.43},{"room_type":"superior","stay_price":475.9125000000001}]
[2024-09-19, 2024-09-22, 1, 1, 80.45, 135] => [{"room_type":"standard","stay_price":434.43},{"room_type":"superior","stay_price":708.75}]
[2024-09-19, 2024-09-22, 1, 1, 80.45, 230.43] => [{"room_type":"standard","stay_price":434.43},{"room_type":"superior","stay_price":1209.7575}]
[2024-09-19, 2024-09-22, 1, 1, 105, 90.65] => [{"room_type":"standard","stay_price":567},{"room_type":"superior","stay_price":475.9125000000001}]
[2024-09-19, 2024-09-22, 1, 1, 105, 135] => [{"room_type":"standard","stay_price":567},{"room_type":"superior","stay_price":708.75}]
[2024-09-19, 2024-09-22, 1, 1, 105, 230.43] => [{"room_type":"standard","stay_price":567},{"room_type":"superior","stay_price":1209.7575}]
[2024-09-19, 2024-09-22, 1, 1, 120.47, 90.65] => [{"room_type":"standard","stay_price":650.538},{"room_type":"superior","stay_price":475.9125000000001}]
[2024-09-19, 2024-09-22, 1, 1, 120.47, 135] => [{"room_type":"standard","stay_price":650.538},{"room_type":"superior","stay_price":708.75}]
[2024-09-19, 2024-09-22, 1, 1, 120.47, 230.43] => [{"room_type":"standard","stay_price":650.538},{"room_type":"superior","stay_price":1209.7575}]
[2024-09-19, 2024-09-22, 1, 2, 80.45, 90.65] => [{"room_type":"standard","stay_price":627.51},{"room_type":"superior","stay_price":679.8750000000001}]
[2024-09-19, 2024-09-22, 1, 2, 80.45, 135] => [{"room_type":"standard","stay_price":627.51},{"room_type":"superior","stay_price":1012.5}]
[2024-09-19, 2024-09-22, 1, 2, 80.45, 230.43] => [{"room_type":"standard","stay_price":627.51},{"room_type":"superior","stay_price":1728.225}]
[2024-09-19, 2024-09-22, 1, 2, 105, 90.65] => [{"room_type":"standard","stay_price":819},{"room_type":"superior","stay_price":679.8750000000001}]
[2024-09-19, 2024-09-22, 1, 2, 105, 135] => [{"room_type":"standard","stay_price":819},{"room_type":"superior","stay_price":1012.5}]
[2024-09-19, 2024-09-22, 1, 2, 105, 230.43] => [{"room_type":"standard","stay_price":819},{"room_type":"superior","stay_price":1728.225}]
[2024-09-19, 2024-09-22, 1, 2, 120.47, 90.65] => [{"room_type":"standard","stay_price":939.666},{"room_type":"superior","stay_price":679.8750000000001}]
[2024-09-19, 2024-09-22, 1, 2, 120.47, 135] => [{"room_type":"standard","stay_price":939.666},{"room_type":"superior","stay_price":1012.5}]
[2024-09-19, 2024-09-22, 1, 2, 120.47, 230.43] => [{"room_type":"standard","stay_price":939.666},{"room_type":"superior","stay_price":1728.225}]
[2024-09-19, 2024-09-22, 2, 0, 80.45, 90.65] => [{"room_type":"standard","stay_price":482.70000000000005},{"room_type":"superior","stay_price":543.9000000000001}]
[2024-09-19, 2024-09-22, 2, 0, 80.45, 135] => [{"room_type":"standard","stay_price":482.70000000000005},{"room_type":"superior","stay_price":810}]
[2024-09-19, 2024-09-22, 2, 0, 80.45, 230.43] => [{"room_type":"standard","stay_price":482.70000000000005},{"room_type":"superior","stay_price":1382.58}]
[2024-09-19, 2024-09-22, 2, 0, 105, 90.65] => [{"room_type":"standard","stay_price":630},{"room_type":"superior","stay_price":543.9000000000001}]
[2024-09-19, 2024-09-22, 2, 0, 105, 135] => [{"room_type":"standard","stay_price":630},{"room_type":"superior","stay_price":810}]
[2024-09-19, 2024-09-22, 2, 0, 105, 230.43] => [{"room_type":"standard","stay_price":630},{"room_type":"superior","stay_price":1382.58}]
[2024-09-19, 2024-09-22, 2, 0, 120.47, 90.65] => [{"room_type":"standard","stay_price":722.8199999999999},{"room_type":"superior","stay_price":543.9000000000001}]
[2024-09-19, 2024-09-22, 2, 0, 120.47, 135] => [{"room_type":"standard","stay_price":722.8199999999999},{"room_type":"superior","stay_price":810}]
[2024-09-19, 2024-09-22, 2, 0, 120.47, 230.43] => [{"room_type":"standard","stay_price":722.8199999999999},{"room_type":"superior","stay_price":1382.58}]
[2024-09-19, 2024-09-22, 2, 1, 80.45, 90.65] => [{"room_type":"standard","stay_price":675.78},{"room_type":"superior","stay_price":747.8625000000002}]
[2024-09-19, 2024-09-22, 2, 1, 80.45, 135] => [{"room_type":"standard","stay_price":675.78},{"room_type":"superior","stay_price":1113.75}]
[2024-09-19, 2024-09-22, 2, 1, 80.45, 230.43] => [{"room_type":"standard","stay_price":675.78},{"room_type":"superior","stay_price":1901.0475}]
[2024-09-19, 2024-09-22, 2, 1, 105, 90.65] => [{"room_type":"standard","stay_price":882},{"room_type":"superior","stay_price":747.8625000000002}]
[2024-09-19, 2024-09-22, 2, 1, 105, 135] => [{"room_type":"standard","stay_price":882},{"room_type":"superior","stay_price":1113.75}]
[2024-09-19, 2024-09-22, 2, 1, 105, 230.43] => [{"room_type":"standard","stay_price":882},{"room_type":"superior","stay_price":1901.0475}]
[2024-09-19, 2024-09-22, 2, 1, 120.47, 90.65] => [{"room_type":"standard","stay_price":1011.948},{"room_type":"superior","stay_price":747.8625000000002}]
[2024-09-19, 2024-09-22, 2, 1, 120.47, 135] => [{"room_type":"standard","stay_price":1011.948},{"room_type":"superior","stay_price":1113.75}]
[2024-09-19, 2024-09-22, 2, 1, 120.47, 230.43] => [{"room_type":"standard","stay_price":1011.948},{"room_type":"superior","stay_price":1901.0475}]
[2024-09-19, 2024-09-22, 2, 2, 80.45, 90.65] => [{"room_type":"standard","stay_price":868.86},{"room_type":"superior","stay_price":951.8250000000002}]
[2024-09-19, 2024-09-22, 2, 2, 80.45, 135] => [{"room_type":"standard","stay_price":868.86},{"room_type":"superior","stay_price":1417.5}]
[2024-09-19, 2024-09-22, 2, 2, 80.45, 230.43] => [{"room_type":"standard","stay_price":868.86},{"room_type":"superior","stay_price":2419.515}]
[2024-09-19, 2024-09-22, 2, 2, 105, 90.65] => [{"room_type":"standard","stay_price":1134},{"room_type":"superior","stay_price":951.8250000000002}]
[2024-09-19, 2024-09-22, 2, 2, 105, 135] => [{"room_type":"standard","stay_price":1134},{"room_type":"superior","stay_price":1417.5}]
[2024-09-19, 2024-09-22, 2, 2, 105, 230.43] => [{"room_type":"standard","stay_price":1134},{"room_type":"superior","stay_price":2419.515}]
[2024-09-19, 2024-09-22, 2, 2, 120.47, 90.65] => [{"room_type":"standard","stay_price":1301.076},{"room_type":"superior","stay_price":951.8250000000002}]
[2024-09-19, 2024-09-22, 2, 2, 120.47, 135] => [{"room_type":"standard","stay_price":1301.076},{"room_type":"superior","stay_price":1417.5}]
[2024-09-19, 2024-09-22, 2, 2, 120.47, 230.43] => [{"room_type":"standard","stay_price":1301.076},{"room_type":"superior","stay_price":2419.515}]
[2024-09-20, 2024-09-22, 1, 0, 80.45, 90.65] => [{"room_type":"standard","stay_price":160.9},{"room_type":"superior","stay_price":181.3}]
[2024-09-20, 2024-09-22, 1, 0, 80.45, 135] => [{"room_type":"standard","stay_price":160.9},{"room_type":"superior","stay_price":270}]
[2024-09-20, 2024-09-22, 1, 0, 80.45, 230.43] => [{"room_type":"standard","stay_price":160.9},{"room_type":"superior","stay_price":460.86}]
[2024-09-20, 2024-09-22, 1, 0, 105, 90.65] => [{"room_type":"standard","stay_price":210},{"room_type":"superior","stay_price":181.3}]
[2024-09-20, 2024-09-22, 1, 0, 105, 135] => [{"room_type":"standard","stay_price":210},{"room_type":"superior","stay_price":270}]
[2024-09-20, 2024-09-22, 1, 0, 105, 230.43] => [{"room_type":"standard","stay_price":210},{"room_type":"superior","stay_price":460.86}]
[2024-09-20, 2024-09-22, 1, 0, 120.47, 90.65] => [{"room_type":"standard","stay_price":240.94},{"room_type":"superior","stay_price":181.3}]
[2024-09-20, 2024-09-22, 1, 0, 120.47, 135] => [{"room_type":"standard","stay_price":240.94},{"room_type":"superior","stay_price":270}]
[2024-09-20, 2024-09-22, 1, 0, 120.47, 230.43] => [{"room_type":"standard","stay_price":240.94},{"room_type":"superior","stay_price":460.86}]
[2024-09-20, 2024-09-22, 1, 1, 80.45, 90.65] => [{"room_type":"standard","stay_price":289.62},{"room_type":"superior","stay_price":317.27500000000003}]
[2024-09-20, 2024-09-22, 1, 1, 80.45, 135] => [{"room_type":"standard","stay_price":289.62},{"room_type":"superior","stay_price":472.5}]
[2024-09-20, 2024-09-22, 1, 1, 80.45, 230.43] => [{"room_type":"standard","stay_price":289.62},{"room_type":"superior","stay_price":806.505}]
[2024-09-20, 2024-09-22, 1, 1, 105, 90.65] => [{"room_type":"standard","stay_price":378},{"room_type":"superior","stay_price":317.27500000000003}]
[2024-09-20, 2024-09-22, 1, 1, 105, 135] => [{"room_type":"standard","stay_price":378},{"room_type":"superior","stay_price":472.5}]
[2024-09-20, 2024-09-22, 1, 1, 105, 230.43] => [{"room_type":"standard","stay_price":378},{"room_type":"superior","stay_price":806.505}]
[2024-09-20, 2024-09-22, 1, 1, 120.47, 90.65] => [{"room_type":"standard","stay_price":433.692},{"room_type":"superior","stay_price":317.27500000000003}]
[2024-09-20, 2024-09-22, 1, 1, 120.47, 135] => [{"room_type":"standard","stay_price":433.692},{"room_type":"superior","stay_price":472.5}]
[2024-09-20, 2024-09-22, 1, 1, 120.47, 230.43] => [{"room_type":"standard","stay_price":433.692},{"room_type":"superior","stay_price":806.505}]
[2024-09-20, 2024-09-22, 1, 2, 80.45, 90.65] => [{"room_type":"standard","stay_price":418.34000000000003},{"room_type":"superior","stay_price":453.25000000000006}]
[2024-09-20, 2024-09-22, 1, 2, 80.45, 135] => [{"room_type":"standard","stay_price":418.34000000000003},{"room_type":"superior","stay_price":675}]
[2024-09-20, 2024-09-22, 1, 2, 80.45, 230.43] => [{"room_type":"standard","stay_price":418.34000000000003},{"room_type":"superior","stay_price":1152.15}]
[2024-09-20, 2024-09-22, 1, 2, 105, 90.65] => [{"room_type":"standard","stay_price":546},{"room_type":"superior","stay_price":453.25000000000006}]
[2024-09-20, 2024-09-22, 1, 2, 105, 135] => [{"room_type":"standard","stay_price":546},{"room_type":"superior","stay_price":675}]
[2024-09-20, 2024-09-22, 1, 2, 105, 230.43] => [{"room_type":"standard","stay_price":546},{"room_type":"superior","stay_price":1152.15}]
[2024-09-20, 2024-09-22, 1, 2, 120.47, 90.65] => [{"room_type":"standard","stay_price":626.444},{"room_type":"superior","stay_price":453.25000000000006}]
[2024-09-20, 2024-09-22, 1, 2, 120.47, 135] => [{"room_type":"standard","stay_price":626.444},{"room_type":"superior","stay_price":675}]
[2024-09-20, 2024-09-22, 1, 2, 120.47, 230.43] => [{"room_type":"standard","stay_price":626.444},{"room_type":"superior","stay_price":1152.15}]
[2024-09-20, 2024-09-22, 2, 0, 80.45, 90.65] => [{"room_type":"standard","stay_price":321.8},{"room_type":"superior","stay_price":362.6}]
[2024-09-20, 2024-09-22, 2, 0, 80.45, 135] => [{"room_type":"standard","stay_price":321.8},{"room_type":"superior","stay_price":540}]
[2024-09-20, 2024-09-22, 2, 0, 80.45, 230.43] => [{"room_type":"standard","stay_price":321.8},{"room_type":"superior","stay_price":921.72}]
[2024-09-20, 2024-09-22, 2, 0, 105, 90.65] => [{"room_type":"standard","stay_price":420},{"room_type":"superior","stay_price":362.6}]
[2024-09-20, 2024-09-22, 2, 0, 105, 135] => [{"room_type":"standard","stay_price":420},{"room_type":"superior","stay_price":540}]
[2024-09-20, 2024-09-22, 2, 0, 105, 230.43] => [{"room_type":"standard","stay_price":420},{"room_type":"superior","stay_price":921.72}]
[2024-09-20, 2024-09-22, 2, 0, 120.47, 90.65] => [{"room_type":"standard","stay_price":481.88},{"room_type":"superior","stay_price":362.6}]
[2024-09-20, 2024-09-22, 2, 0, 120.47, 135] => [{"room_type":"standard","stay_price":481.88},{"room_type":"superior","stay_price":540}]
[2024-09-20, 2024-09-22, 2, 0, 120.47, 230.43] => [{"room_type":"standard","stay_price":481.88},{"room_type":"superior","stay_price":921.72}]
[2024-09-20, 2024-09-22, 2, 1, 80.45, 90.65] => [{"room_type":"standard","stay_price":450.52},{"room_type":"superior","stay_price":498.57500000000005}]
[2024-09-20, 2024-09-22, 2, 1, 80.45, 135] => [{"room_type":"standard","stay_price":450.52},{"room_type":"superior","stay_price":742.5}]
[2024-09-20, 2024-09-22, 2, 1, 80.45, 230.43] => [{"room_type":"standard","stay_price":450.52},{"room_type":"superior","stay_price":1267.365}]
[2024-09-20, 2024-09-22, 2, 1, 105, 90.65] => [{"room_type":"standard","stay_price":588},{"room_type":"superior","stay_price":498.57500000000005}]
[2024-09-20, 2024-09-22, 2, 1, 105, 135] => [{"room_type":"standard","stay_price":588},{"room_type":"superior","stay_price":742.5}]
[2024-09-20, 2024-09-22, 2, 1, 105, 230.43] => [{"room_type":"standard","stay_price":588},{"room_type":"superior","stay_price":1267.365}]
[2024-09-20, 2024-09-22, 2, 1, 120.47, 90.65] => [{"room_type":"standard","stay_price":674.6320000000001},{"room_type":"superior","stay_price":498.57500000000005}]
[2024-09-20, 2024-09-22, 2, 1, 120.47, 135] => [{"room_type":"standard","stay_price":674.6320000000001},{"room_type":"superior","stay_price":742.5}]
[2024-09-20, 2024-09-22, 2, 1, 120.47, 230.43] => [{"room_type":"standard","stay_price":674.6320000000001},{"room_type":"superior","stay_price":1267.365}]
[2024-09-20, 2024-09-22, 2, 2, 80.45, 90.65] => [{"room_type":"standard","stay_price":579.24},{"room_type":"superior","stay_price":634.5500000000001}]
[2024-09-20, 2024-09-22, 2, 2, 80.45, 135] => [{"room_type":"standard","stay_price":579.24},{"room_type":"superior","stay_price":945}]
[2024-09-20, 2024-09-22, 2, 2, 80.45, 230.43] => [{"room_type":"standard","stay_price":579.24},{"room_type":"superior","stay_price":1613.01}]
[2024-09-20, 2024-09-22, 2, 2, 105, 90.65] => [{"room_type":"standard","stay_price":756},{"room_type":"superior","stay_price":634.5500000000001}]
[2024-09-20, 2024-09-22, 2, 2, 105, 135] => [{"room_type":"standard","stay_price":756},{"room_type":"superior","stay_price":945}]
[2024-09-20, 2024-09-22, 2, 2, 105, 230.43] => [{"room_type":"standard","stay_price":756},{"room_type":"superior","stay_price":1613.01}]
[2024-09-20, 2024-09-22, 2, 2, 120.47, 90.65] => [{"room_type":"standard","stay_price":867.384},{"room_type":"superior","stay_price":634.5500000000001}]
[2024-09-20, 2024-09-22, 2, 2, 120.47, 135] => [{"room_type":"standard","stay_price":867.384},{"room_type":"superior","stay_price":945}]
[2024-09-20, 2024-09-22, 2, 2, 120.47, 230.43] => [{"room_type":"standard","stay_price":867.384},{"room_type":"superior","stay_price":1613.01}]
[2024-09-21, 2024-09-22, 1, 0, 80.45, 90.65] => [{"room_type":"standard","stay_price":80.45},{"room_type":"superior","stay_price":90.65}]
[2024-09-21, 2024-09-22, 1, 0, 80.45, 135] => [{"room_type":"standard","stay_price":80.45},{"room_type":"superior","stay_price":135}]
[2024-09-21, 2024-09-22, 1, 0, 80.45, 230.43] => [{"room_type":"standard","stay_price":80.45},{"room_type":"superior","stay_price":230.43}]
[2024-09-21, 2024-09-22, 1, 0, 105, 90.65] => [{"room_type":"standard","stay_price":105},{"room_type":"superior","stay_price":90.65}]
[2024-09-21, 2024-09-22, 1, 0, 105, 135] => [{"room_type":"standard","stay_price":105},{"room_type":"superior","stay_price":135}]
[2024-09-21, 2024-09-22, 1, 0, 105, 230.43] => [{"room_type":"standard","stay_price":105},{"room_type":"superior","stay_price":230.43}]
[2024-09-21, 2024-09-22, 1, 0, 120.47, 90.65] => [{"room_type":"standard","stay_price":120.47},{"room_type":"superior","stay_price":90.65}]
[2024-09-21, 2024-09-22, 1, 0, 120.47, 135] => [{"room_type":"standard","stay_price":120.47},{"room_type":"superior","stay_price":135}]
[2024-09-21, 2024-09-22, 1, 0, 120.47, 230.43] => [{"room_type":"standard","stay_price":120.47},{"room_type":"superior","stay_price":230.43}]
[2024-09-21, 2024-09-22, 1, 1, 80.45, 90.65] => [{"room_type":"standard","stay_price":144.81},{"room_type":"superior","stay_price":158.63750000000002}]
[2024-09-21, 2024-09-22, 1, 1, 80.45, 135] => [{"room_type":"standard","stay_price":144.81},{"room_type":"superior","stay_price":236.25}]
[2024-09-21, 2024-09-22, 1, 1, 80.45, 230.43] => [{"room_type":"standard","stay_price":144.81},{"room_type":"superior","stay_price":403.2525}]
[2024-09-21, 2024-09-22, 1, 1, 105, 90.65] => [{"room_type":"standard","stay_price":189},{"room_type":"superior","stay_price":158.63750000000002}]
[2024-09-21, 2024-09-22, 1, 1, 105, 135] => [{"room_type":"standard","stay_price":189},{"room_type":"superior","stay_price":236.25}]
[2024-09-21, 2024-09-22, 1, 1, 105, 230.43] => [{"room_type":"standard","stay_price":189},{"room_type":"superior","stay_price":403.2525}]
[2024-09-21, 2024-09-22, 1, 1, 120.47, 90.65] => [{"room_type":"standard","stay_price":216.846},{"room_type":"superior","stay_price":158.63750000000002}]
[2024-09-21, 2024-09-22, 1, 1, 120.47, 135] => [{"room_type":"standard","stay_price":216.846},{"room_type":"superior","stay_price":236.25}]
[2024-09-21, 2024-09-22, 1, 1, 120.47, 230.43] => [{"room_type":"standard","stay_price":216.846},{"room_type":"superior","stay_price":403.2525}]
[2024-09-21, 2024-09-22, 1, 2, 80.45, 90.65] => [{"room_type":"standard","stay_price":209.17000000000002},{"room_type":"superior","stay_price":226.62500000000003}]
[2024-09-21, 2024-09-22, 1, 2, 80.45, 135] => [{"room_type":"standard","stay_price":209.17000000000002},{"room_type":"superior","stay_price":337.5}]
[2024-09-21, 2024-09-22, 1, 2, 80.45, 230.43] => [{"room_type":"standard","stay_price":209.17000000000002},{"room_type":"superior","stay_price":576.075}]
[2024-09-21, 2024-09-22, 1, 2, 105, 90.65] => [{"room_type":"standard","stay_price":273},{"room_type":"superior","stay_price":226.62500000000003}]
[2024-09-21, 2024-09-22, 1, 2, 105, 135] => [{"room_type":"standard","stay_price":273},{"room_type":"superior","stay_price":337.5}]
[2024-09-21, 2024-09-22, 1, 2, 105, 230.43] => [{"room_type":"standard","stay_price":273},{"room_type":"superior","stay_price":576.075}]
[2024-09-21, 2024-09-22, 1, 2, 120.47, 90.65] => [{"room_type":"standard","stay_price":313.222},{"room_type":"superior","stay_price":226.62500000000003}]
[2024-09-21, 2024-09-22, 1, 2, 120.47, 135] => [{"room_type":"standard","stay_price":313.222},{"room_type":"superior","stay_price":337.5}]
[2024-09-21, 2024-09-22, 1, 2, 120.47, 230.43] => [{"room_type":"standard","stay_price":313.222},{"room_type":"superior","stay_price":576.075}]
[2024-09-21, 2024-09-22, 2, 0, 80.45, 90.65] => [{"room_type":"standard","stay_price":160.9},{"room_type":"superior","stay_price":181.3}]
[2024-09-21, 2024-09-22, 2, 0, 80.45, 135] => [{"room_type":"standard","stay_price":160.9},{"room_type":"superior","stay_price":270}]
[2024-09-21, 2024-09-22, 2, 0, 80.45, 230.43] => [{"room_type":"standard","stay_price":160.9},{"room_type":"superior","stay_price":460.86}]
[2024-09-21, 2024-09-22, 2, 0, 105, 90.65] => [{"room_type":"standard","stay_price":210},{"room_type":"superior","stay_price":181.3}]
[2024-09-21, 2024-09-22, 2, 0, 105, 135] => [{"room_type":"standard","stay_price":210},{"room_type":"superior","stay_price":270}]
[2024-09-21, 2024-09-22, 2, 0, 105, 230.43] => [{"room_type":"standard","stay_price":210},{"room_type":"superior","stay_price":460.86}]
[2024-09-21, 2024-09-22, 2, 0, 120.47, 90.65] => [{"room_type":"standard","stay_price":240.94},{"room_type":"superior","stay_price":181.3}]
[2024-09-21, 2024-09-22, 2, 0, 120.47, 135] => [{"room_type":"standard","stay_price":240.94},{"room_type":"superior","stay_price":270}]
[2024-09-21, 2024-09-22, 2, 0, 120.47, 230.43] => [{"room_type":"standard","stay_price":240.94},{"room_type":"superior","stay_price":460.86}]
[2024-09-21, 2024-09-22, 2, 1, 80.45, 90.65] => [{"room_type":"standard","stay_price":225.26},{"room_type":"superior","stay_price":249.28750000000002}]
[2024-09-21, 2024-09-22, 2, 1, 80.45, 135] => [{"room_type":"standard","stay_price":225.26},{"room_type":"superior","stay_price":371.25}]
[2024-09-21, 2024-09-22, 2, 1, 80.45, 230.43] => [{"room_type":"standard","stay_price":225.26},{"room_type":"superior","stay_price":633.6825}]
[2024-09-21, 2024-09-22, 2, 1, 105, 90.65] => [{"room_type":"standard","stay_price":294},{"room_type":"superior","stay_price":249.28750000000002}]
[2024-09-21, 2024-09-22, 2, 1, 105, 135] => [{"room_type":"standard","stay_price":294},{"room_type":"superior","stay_price":371.25}]
[2024-09-21, 2024-09-22, 2, 1, 105, 230.43] => [{"room_type":"standard","stay_price":294},{"room_type":"superior","stay_price":633.6825}]
[2024-09-21, 2024-09-22, 2, 1, 120.47, 90.65] => [{"room_type":"standard","stay_price":337.31600000000003},{"room_type":"superior","stay_price":249.28750000000002}]
[2024-09-21, 2024-09-22, 2, 1, 120.47, 135] => [{"room_type":"standard","stay_price":337.31600000000003},{"room_type":"superior","stay_price":371.25}]
[2024-09-21, 2024-09-22, 2, 1, 120.47, 230.43] => [{"room_type":"standard","stay_price":337.31600000000003},{"room_type":"superior","stay_price":633.6825}]
[2024-09-21, 2024-09-22, 2, 2, 80.45, 90.65] => [{"room_type":"standard","stay_price":289.62},{"room_type":"superior","stay_price":317.27500000000003}]
[2024-09-21, 2024-09-22, 2, 2, 80.45, 135] => [{"room_type":"standard","stay_price":289.62},{"room_type":"superior","stay_price":472.5}]
[2024-09-21, 2024-09-22, 2, 2, 80.45, 230.43] => [{"room_type":"standard","stay_price":289.62},{"room_type":"superior","stay_price":806.505}]
[2024-09-21, 2024-09-22, 2, 2, 105, 90.65] => [{"room_type":"standard","stay_price":378},{"room_type":"superior","stay_price":317.27500000000003}]
[2024-09-21, 2024-09-22, 2, 2, 105, 135] => [{"room_type":"standard","stay_price":378},{"room_type":"superior","stay_price":472.5}]
[2024-09-21, 2024-09-22, 2, 2, 105, 230.43] => [{"room_type":"standard","stay_price":378},{"room_type":"superior","stay_price":806.505}]
[2024-09-21, 2024-09-22, 2, 2, 120.47, 90.65] => [{"room_type":"standard","stay_price":433.692},{"room_type":"superior","stay_price":317.27500000000003}]
[2024-09-21, 2024-09-22, 2, 2, 120.47, 135] => [{"room_type":"standard","stay_price":433.692},{"room_type":"superior","stay_price":472.5}]
[2024-09-21, 2024-09-22, 2, 2, 120.47, 230.43] => [{"room_type":"standard","stay_price":433.692},{"room_type":"superior","stay_price":806.505}]
